翻译测试通过: settings.restart_title
